number of observations set to 12
(12 real changes made)
(12 real changes made)

Summary statistics: mean, n
  for variables: growth
  by categories of: year

        year |       mean          N
-------------+----------------------
        2011 |          3          3
        2012 |        3.5          3
       Total |       3.25          6
