number of observations set to 4
(4 real changes made)
(1 real change made)
(1 real change made)
(1 real change made)
(4 real changes made)
(4 real changes made)
--- wildcard ---

    Variable |        Obs        Mean    Std. dev.         Min         Max
-------------+--------------------------------------------------------------
       score |          4          25        12.91          10          40
      weight |          4         2.5        1.291           1           4
--- explicit (will error) ---
line 16: summarize: name is a string variable (cannot summarize)
