number of observations set to 18
(18 real changes made)
(6 real changes made)
(6 real changes made)
(18 real changes made)
(18 real changes made)
panel variable: p
 time variable: t
         delta: 1 unit
(18 real changes made)
(6 real changes made)
(6 real changes made)
(6 real changes made)
=== xtreg with TS ops ===

Fixed-effects (within) regression               Number of obs   =       12
Group variable: p                               Number of groups =        3

R-sq:                                           Obs per group:
     within  = 0.9993                                  min =        4
     between = 0.0000                                  avg =      4.0
     overall = 0.9722                                  max =        4

                                                F(1, 7) =    9712.27
corr(u_i, Xb)  = 1.0000                         Prob > F      =     0.0000

------------------------------------------------------------------------------
           y | Coefficient  Std. err.     t    P>|t|     [95% conf. interval]
-------------+----------------------------------------------------------------
         L.x |   0.551671  0.00559783   98.55 0.000     0.538434    0.564908
        L2.x |          0  (omitted)
-------------+----------------------------------------------------------------
     sigma_u |    9.98329   
     sigma_e |  0.0216803   
         rho |   0.999995   (fraction of variance due to u_i)
------------------------------------------------------------------------------
F test that all u_i=0:  F(2, 7) =   41993.80      Prob > F = 0.0000

=== test L.x (= 0 default) ===

 ( 1)  L.x = 0

       F(1, 7) =  9712.27
            Prob > F =   0.0000


=== test L.x = 0 (explicit) — should give same F ===

 ( 1)  L.x = 0

       F(1, 7) =  9712.27
            Prob > F =   0.0000


=== test L.x = 0.5 (numeric RHS) ===

 ( 1)  L.x = 0.5

       F(1, 7) =    85.20
            Prob > F =   0.0000


=== test L.x = L2.x (equality of coefficients) ===

 ( 1)  L.x = L2.x

       F(1, 7) =  9712.27
            Prob > F =   0.0000


=== test L.x L2.x (joint zero) ===
test: L2.x is omitted
do-file aborted at line 42 (rc=198)
