number of observations set to 12
(12 real changes made)
(4 real changes made)
(4 real changes made)
(12 real changes made)
(12 real changes made)
(12 real changes made)
(4 real changes made)
(4 real changes made)
(4 real changes made)
panel variable: panel
 time variable: year
         delta: 1 unit
=== RE on perfect-fit case: should collapse to FE (theta=1) ===
Expected: beta_x = 1.0, _cons (omitted), sigma_e=0, theta=1

Random-effects GLS regression                   Number of obs   =       12
Group variable: panel                           Number of groups =        3

R-sq:                                           Obs per group:
     within  = 1.0000                                  min =        4
     between = 1.0000                                  avg =      4.0
     overall = 0.9470                                  max =        4

                                                Wald chi2(1)  =        inf
corr(u_i, X)   = 0 (assumed)                    Prob > chi2   =     0.0000

------------------------------------------------------------------------------
           y | Coefficient  Std. err.     t    P>|t|     [95% conf. interval]
-------------+----------------------------------------------------------------
           x |          1           0    0.00 1.000            1           1
       _cons |          0  (omitted)
-------------+----------------------------------------------------------------
     sigma_u |         10   
     sigma_e |          0   
         rho |          1   (fraction of variance due to u_i)
       theta |          1   (quasi-demeaning factor)
------------------------------------------------------------------------------

=== RE with vce(robust) ===
number of observations set to 30
(30 real changes made)
(12 real changes made)
(8 real changes made)
(30 real changes made)
(10 real changes made)
(12 real changes made)
(8 real changes made)
(30 real changes made)
(30 real changes made)
panel variable: cid
 time variable: t
         delta: 1 unit
RE classical: see e(N), e(N_g), e(sigma_u), e(sigma_e), e(rho), e(theta)
  N = 30
  N_g = 3
  sigma_u = 0
  sigma_e = 0.8847227154
  rho = 0
  theta = 0

=== RE with vce(cluster) ===

Random-effects GLS regression                   Number of obs   =       30
Group variable: cid                             Number of groups =        3

R-sq:                                           Obs per group:
     within  = 0.9341                                  min =        8
     between = 1.0000                                  avg =     10.0
     overall = 0.9914                                  max =       12

                                                Wald chi2(1)  =  161674.04
corr(u_i, X)   = 0 (assumed)                    Prob > chi2   =     0.0000

------------------------------------------------------------------------------
           y | Coefficient  Cluster       t    P>|t|     [95% conf. interval]
-------------+----------------------------------------------------------------
           x |    2.04378  0.00508293  402.09 0.000      2.03337     2.05419
       _cons |    5.93203   0.0177154  334.85 0.000      5.89574     5.96832
-------------+----------------------------------------------------------------
     sigma_u |          0   
     sigma_e |   0.884723   
         rho |          0   (fraction of variance due to u_i)
       theta | min=0.0000  avg=0.0000  max=0.0000
------------------------------------------------------------------------------
(Std. err. adjusted for 3 clusters in cid)
