number of observations set to 12
(12 real changes made)
(12 real changes made)
(12 real changes made)
=== regress y x i.country (default base = 1) ===
Expected: beta_x = 1.0, _cons = 10, 2.country = 10, 3.country = 20

      Source |       SS           df       MS      Number of obs   =        12
-------------+----------------------------------   F(3, 8)        =        inf
       Model |        1583          3     527.667    Prob > F        =     0.0000
    Residual |           0          8           0    R-squared       =     1.0000
-------------+----------------------------------   Adj R-squared   =     1.0000
       Total |        1583         11     143.909    Root MSE        =          0

------------------------------------------------------------------------------
           y | Coefficient  Std. err.     t    P>|t|     [95% conf. interval]
-------------+----------------------------------------------------------------
           x |          1           0    0.00 1.000            1           1
   2.country |         10           0    0.00 1.000           10          10
   3.country |         20           0    0.00 1.000           20          20
       _cons |         10           0    0.00 1.000           10          10
------------------------------------------------------------------------------

_b[x]         = 1
_b[2.country] = 10
_b[3.country] = 20
_b[_cons]     = 10

=== regress y x ib2.country (base = 2) ===
Expected: _cons = 20, 1.country = -10, 3.country = 10

      Source |       SS           df       MS      Number of obs   =        12
-------------+----------------------------------   F(3, 8)        =        inf
       Model |        1583          3     527.667    Prob > F        =     0.0000
    Residual |           0          8           0    R-squared       =     1.0000
-------------+----------------------------------   Adj R-squared   =     1.0000
       Total |        1583         11     143.909    Root MSE        =          0

------------------------------------------------------------------------------
           y | Coefficient  Std. err.     t    P>|t|     [95% conf. interval]
-------------+----------------------------------------------------------------
           x |          1           0    0.00 1.000            1           1
   1.country |        -10           0    0.00 1.000          -10         -10
   3.country |         10           0    0.00 1.000           10          10
       _cons |         20           0    0.00 1.000           20          20
------------------------------------------------------------------------------
_b[_cons]     = 20
_b[1.country] = -10
_b[3.country] = 10

=== c.x#c.x: y = x^2 ===
number of observations set to 5
(5 real changes made)
(5 real changes made)

      Source |       SS           df       MS      Number of obs   =         5
-------------+----------------------------------   F(1, 3)        =        inf
       Model |         374          1         374    Prob > F        =     0.0000
    Residual |           0          3           0    R-squared       =     1.0000
-------------+----------------------------------   Adj R-squared   =     1.0000
       Total |         374          4        93.5    Root MSE        =          0

------------------------------------------------------------------------------
           y | Coefficient  Std. err.     t    P>|t|     [95% conf. interval]
-------------+----------------------------------------------------------------
     c.x#c.x |          1           0    0.00 1.000            1           1
       _cons |          0           0    0.00 1.000            0           0
------------------------------------------------------------------------------
_b[c.x#c.x]  = 1
Expected: exactly 1.0

=== i.country#c.x: country-specific slopes ===
number of observations set to 12
(12 real changes made)
(12 real changes made)
(12 real changes made)

      Source |       SS           df       MS      Number of obs   =        12
-------------+----------------------------------   F(3, 8)        =        inf
       Model |     448.667          3     149.556    Prob > F        =     0.0000
    Residual |           0          8           0    R-squared       =     1.0000
-------------+----------------------------------   Adj R-squared   =     1.0000
       Total |     448.667         11     40.7879    Root MSE        =          0

------------------------------------------------------------------------------
           y | Coefficient  Std. err.     t    P>|t|     [95% conf. interval]
-------------+----------------------------------------------------------------
         c.x |        0.5           0    0.00 1.000          0.5         0.5
2.country#c.x |        0.5           0    0.00 1.000          0.5         0.5
3.country#c.x |          1           0    0.00 1.000            1           1
       _cons |          0           0    0.00 1.000            0           0
------------------------------------------------------------------------------
_b[c.x]            = 0.5
_b[2.country#c.x]  = 0.5
_b[3.country#c.x]  = 1
Expected: c.x = 0.5, 2.country#c.x = 0.5, 3.country#c.x = 1.0

=== regress y i.country##c.x ===
Adds y intercepts: y = α_country + slope_country * x
number of observations set to 12
(12 real changes made)
(12 real changes made)
(12 real changes made)

      Source |       SS           df       MS      Number of obs   =        12
-------------+----------------------------------   F(5, 6)        =        inf
       Model |     1138.67          5     227.733    Prob > F        =     0.0000
    Residual |           0          6           0    R-squared       =     1.0000
-------------+----------------------------------   Adj R-squared   =     1.0000
       Total |     1138.67         11     103.515    Root MSE        =          0

------------------------------------------------------------------------------
           y | Coefficient  Std. err.     t    P>|t|     [95% conf. interval]
-------------+----------------------------------------------------------------
   2.country |          4           0    0.00 1.000            4           4
   3.country |          9           0    0.00 1.000            9           9
         c.x |        0.5           0    0.00 1.000          0.5         0.5
2.country#c.x |        0.5           0    0.00 1.000          0.5         0.5
3.country#c.x |          1           0    0.00 1.000            1           1
       _cons |          1           0    0.00 1.000            1           1
------------------------------------------------------------------------------
_b[_cons]          = 1
_b[2.country]      = 4
_b[3.country]      = 9
_b[c.x]            = 0.5
_b[2.country#c.x]  = 0.5
_b[3.country#c.x]  = 1

=== i.A#i.B with K_A=3, K_B=2 → 2 interaction cols ===
number of observations set to 12
(12 real changes made)
(12 real changes made)
(12 real changes made)
_b[2.A#6.B] = 1.75
_b[3.A#6.B] = 5.75

=== logit with factor vars + predict ===
number of observations set to 200
(200 real changes made)
(200 real changes made)
(200 real changes made)
(option Pr(y) assumed; 200 observations)
First few predictions look reasonable:
     +          +          +          +          +
     | y        | x        | g        | p        |
   1.| 0        | -9.95    | 1        | 0        |
   2.| 0        | -9.85    | 2        | 0        |
   3.| 0        | -9.75    | 3        | 0        |
   4.| 0        | -9.65    | 1        | 0        |
   5.| 0        | -9.55    | 2        | 0        |

=== xtreg with i.year as time FE ===
number of observations set to 30
(30 real changes made)
(10 real changes made)
(10 real changes made)
(30 real changes made)
(30 real changes made)
(30 real changes made)
panel variable: cid
 time variable: year
         delta: 1 unit
Expected: xtreg absorbs country FE; i.year tests for time effects

Fixed-effects (within) regression               Number of obs   =       30
Group variable: cid                             Number of groups =        3

R-sq:                                           Obs per group:
     within  = 1.0000                                  min =       10
     between = 0.0000                                  avg =     10.0
     overall = 0.9733                                  max =       10

                                                F(9, 17) =        inf
corr(u_i, Xb)  = 1.0000                         Prob > F      =     0.0000

------------------------------------------------------------------------------
           y | Coefficient  Std. err.     t    P>|t|     [95% conf. interval]
-------------+----------------------------------------------------------------
           x |          1           0    0.00 1.000            1           1
   2016.year |          0           0    0.00 1.000            0           0
   2017.year |          0           0    0.00 1.000            0           0
   2018.year |          0           0    0.00 1.000            0           0
   2019.year |          0           0    0.00 1.000            0           0
   2020.year |          0           0    0.00 1.000            0           0
   2021.year |          0           0    0.00 1.000            0           0
   2022.year |          0           0    0.00 1.000            0           0
   2023.year |          0           0    0.00 1.000            0           0
   2024.year |          0  (omitted)
-------------+----------------------------------------------------------------
     sigma_u |         10   
     sigma_e |          0   
         rho |          1   (fraction of variance due to u_i)
------------------------------------------------------------------------------

=== Error: i.var on string variable ===
number of observations set to 5
(5 real changes made)
(5 real changes made)
regress: factor variable i.cid must be numeric (use encode to convert)
rc=.

=== Error: i.var with only one level ===
number of observations set to 5
(5 real changes made)
(5 real changes made)
(5 real changes made)

      Source |       SS           df       MS      Number of obs   =         5
-------------+----------------------------------   F(1, 3)        =        inf
       Model |          40          1          40    Prob > F        =     0.0000
    Residual |           0          3           0    R-squared       =     1.0000
-------------+----------------------------------   Adj R-squared   =     1.0000
       Total |          40          4          10    Root MSE        =          0

------------------------------------------------------------------------------
           y | Coefficient  Std. err.     t    P>|t|     [95% conf. interval]
-------------+----------------------------------------------------------------
           x |          2           0    0.00 1.000            2           2
       _cons |          0           0    0.00 1.000            0           0
------------------------------------------------------------------------------
(should drop i.g silently — no levels to add)
