number of observations set to 4
(4 real changes made)
(4 real changes made)
--- before save ---
     +          +          +
     | sex      | region   |
   1.| Male     | North    |
   2.| Female   | South    |
   3.| Male     | East     |
   4.| Female   | West     |
regionlbl:
          4 West
          3 East
          2 South
          1 North
sexlbl:
          1 Male
          0 Female
file /tmp/tea_reg16.dta saved
--- after clear, label list is empty ---
(2 vars, 4 obs)
--- after reload ---
     +          +          +
     | sex      | region   |
   1.| Male     | North    |
   2.| Female   | South    |
   3.| Male     | East     |
   4.| Female   | West     |
regionlbl:
          4 West
          3 East
          2 South
          1 North
sexlbl:
          1 Male
          0 Female
