number of observations set to 4
(4 real changes made)
(4 real changes made)
--- summarize ---
summarize pweight: rejected

    Variable |        Obs        Mean    Std. dev.         Min         Max
-------------+--------------------------------------------------------------
           x |          4           3        1.155           1           4
--- tabulate ---
tabulate pweight: rejected
tabulate iweight: rejected
--- count ---
count aweight: rejected
count pweight: rejected
count iweight: rejected
  10
--- regress accepts all four ---
(4 real changes made)

      Source |       SS           df       MS      Number of obs   =         10
-------------+----------------------------------   F(1, 8)         =    1707.38
       Model |       9.604          1       9.604  Prob > F        =     0.0000
    Residual |        .045          8     .005625  R-squared       =     0.9953
-------------+----------------------------------   Adj R-squared   =     0.9948
       Total |       9.649          9     1.07211  Root MSE        =      0.075

------------------------------------------------------------------------------
           y | Coefficient  Std. err.     t    P>|t|     [95% conf. interval]
-------------+----------------------------------------------------------------
           x |        .98    .0237171   41.32 0.000      .925308     1.03469
       _cons |        .15        .075    2.00 0.081    -.0229503      .32295
------------------------------------------------------------------------------

      Source |       SS           df       MS      Number of obs   =          4
-------------+----------------------------------   F(1, 2)         =     426.84
       Model |      3.8416          1      3.8416  Prob > F        =     0.0023
    Residual |        .018          2        .009  R-squared       =     0.9953
-------------+----------------------------------   Adj R-squared   =     0.9930
       Total |      3.8596          3     1.28653  Root MSE        =    0.09487

------------------------------------------------------------------------------
           y | Coefficient  Std. err.     t    P>|t|     [95% conf. interval]
-------------+----------------------------------------------------------------
           x |        .98    .0474342   20.66 0.002      .775907     1.18409
       _cons |        .15         .15    1.00 0.423     -.495398     .795398
------------------------------------------------------------------------------

      Source |       SS           df       MS      Number of obs   =          4
                                                    F(1, 2)         =     952.78
                                                    Prob > F        =     0.0010
                                                    R-squared       =     0.9953
                                                    Root MSE        =    0.09487

------------------------------------------------------------------------------
           y | Coefficient  Robust        t    P>|t|     [95% conf. interval]
-------------+----------------------------------------------------------------
           x |        .98     .031749   30.87 0.001      .843395      1.1166
       _cons |        .15     .117729    1.27 0.331     -.356545     .656545
------------------------------------------------------------------------------

      Source |       SS           df       MS      Number of obs   =         10
-------------+----------------------------------   F(1, 8)         =    1707.38
       Model |       9.604          1       9.604  Prob > F        =     0.0000
    Residual |        .045          8     .005625  R-squared       =     0.9953
-------------+----------------------------------   Adj R-squared   =     0.9948
       Total |       9.649          9     1.07211  Root MSE        =      0.075

------------------------------------------------------------------------------
           y | Coefficient  Std. err.     t    P>|t|     [95% conf. interval]
-------------+----------------------------------------------------------------
           x |        .98    .0237171   41.32 0.000      .925308     1.03469
       _cons |        .15        .075    2.00 0.081    -.0229503      .32295
------------------------------------------------------------------------------
