number of observations set to 4
(4 real changes made)
(4 real changes made)
--- summarize ---
line 11: summarize: pweight not allowed
summarize pweight: rejected

    Variable |        Obs        Mean    Std. dev.         Min         Max
-------------+--------------------------------------------------------------
           x |          4           3        1.155           1           4
--- tabulate ---
line 15: tabulate: pweight not allowed
tabulate pweight: rejected
line 17: tabulate: iweight not allowed
tabulate iweight: rejected
--- count ---
line 20: count: aweight not allowed
count aweight: rejected
line 22: count: pweight not allowed
count pweight: rejected
line 24: count: iweight not allowed
count iweight: rejected
  10
--- regress accepts all four ---
(4 real changes made)

      Source |       SS           df       MS      Number of obs   =        10
-------------+----------------------------------   F(1, 8)        =        inf
       Model |          10          1          10    Prob > F        =     0.0000
    Residual | 2.46519e-31          8 3.08149e-32    R-squared       =     1.0000
-------------+----------------------------------   Adj R-squared   =     1.0000
       Total |          10          9     1.11111    Root MSE        =   1.755e-16

------------------------------------------------------------------------------
           y | Coefficient  Std. err.     t    P>|t|     [95% conf. interval]
-------------+----------------------------------------------------------------
           x |          1  5.55112e-17 18014398509481980.00 0.000            1           1
       _cons | 2.36822e-16  1.75542e-16    1.35 0.214   -1.67978e-16  6.41622e-16
------------------------------------------------------------------------------

      Source |       SS           df       MS      Number of obs   =         4
-------------+----------------------------------   F(1, 2)        =        inf
       Model |           4          1           4    Prob > F        =     0.0000
    Residual | 1.59005e-30          2 7.95024e-31    R-squared       =     1.0000
-------------+----------------------------------   Adj R-squared   =     1.0000
       Total |           4          3     1.33333    Root MSE        =   8.916e-16

------------------------------------------------------------------------------
           y | Coefficient  Std. err.     t    P>|t|     [95% conf. interval]
-------------+----------------------------------------------------------------
           x |          1  4.45821e-16 2243054927004018.50 0.000            1           1
       _cons | 1.5617e-15  1.40981e-15    1.11 0.383   -4.50421e-15  7.62762e-15
------------------------------------------------------------------------------

      Source |       SS           df       MS      Number of obs   =         4
                                                    F(1, 2)        =   5008002371272030621427856048128.00
                                                    Prob > F        =     0.0000
                                                    R-squared       =     1.0000
                                                    Root MSE        =   8.916e-16

------------------------------------------------------------------------------
           y | Coefficient  Robust        t    P>|t|     [95% conf. interval]
-------------+----------------------------------------------------------------
           x |          1  4.46856e-16 2237856646720703.25 0.000            1           1
       _cons | 1.5617e-15  1.66478e-15    0.94 0.447   -5.60126e-15  8.72467e-15
------------------------------------------------------------------------------

      Source |       SS           df       MS      Number of obs   =        10
-------------+----------------------------------   F(1, 8)        =        inf
       Model |          10          1          10    Prob > F        =     0.0000
    Residual | 2.46519e-31          8 3.08149e-32    R-squared       =     1.0000
-------------+----------------------------------   Adj R-squared   =     1.0000
       Total |          10          9     1.11111    Root MSE        =   1.755e-16

------------------------------------------------------------------------------
           y | Coefficient  Std. err.     t    P>|t|     [95% conf. interval]
-------------+----------------------------------------------------------------
           x |          1  5.55112e-17 18014398509481980.00 0.000            1           1
       _cons | 2.36822e-16  1.75542e-16    1.35 0.214   -1.67978e-16  6.41622e-16
------------------------------------------------------------------------------
