number of observations set to 4
(4 real changes made)
(4 real changes made)
--- summarize ---
line 11: summarize: pweight not allowed
summarize pweight: rejected

    Variable |        Obs        Mean    Std. dev.         Min         Max
-------------+--------------------------------------------------------------
           x |          4           3        1.155           1           4
--- tabulate ---
line 15: tabulate: pweight not allowed
tabulate pweight: rejected
line 17: tabulate: iweight not allowed
tabulate iweight: rejected
--- count ---
line 20: count: aweight not allowed
count aweight: rejected
line 22: count: pweight not allowed
count pweight: rejected
line 24: count: iweight not allowed
count iweight: rejected
  10
--- regress accepts all four ---
(4 real changes made)

      Source |       SS           df       MS      Number of obs   =        10
-------------+----------------------------------   F(1, 8)        =    1707.38
       Model |       9.604          1       9.604    Prob > F        =     0.0000
    Residual |       0.045          8    0.005625    R-squared       =     0.9953
-------------+----------------------------------   Adj R-squared   =     0.9948
       Total |       9.649          9     1.07211    Root MSE        =      0.075

------------------------------------------------------------------------------
           y | Coefficient  Std. err.     t    P>|t|     [95% conf. interval]
-------------+----------------------------------------------------------------
           x |       0.98   0.0237171   41.32 0.000     0.925308     1.03469
       _cons |       0.15       0.075    2.00 0.081   -0.0229503     0.32295
------------------------------------------------------------------------------

      Source |       SS           df       MS      Number of obs   =         4
-------------+----------------------------------   F(1, 2)        =     426.84
       Model |      3.8416          1      3.8416    Prob > F        =     0.0023
    Residual |       0.018          2       0.009    R-squared       =     0.9953
-------------+----------------------------------   Adj R-squared   =     0.9930
       Total |      3.8596          3     1.28653    Root MSE        =    0.09487

------------------------------------------------------------------------------
           y | Coefficient  Std. err.     t    P>|t|     [95% conf. interval]
-------------+----------------------------------------------------------------
           x |       0.98   0.0474342   20.66 0.002     0.775907     1.18409
       _cons |       0.15        0.15    1.00 0.423    -0.495398    0.795398
------------------------------------------------------------------------------

      Source |       SS           df       MS      Number of obs   =         4
                                                    F(1, 2)        =     952.78
                                                    Prob > F        =     0.0010
                                                    R-squared       =     0.9953
                                                    Root MSE        =    0.09487

------------------------------------------------------------------------------
           y | Coefficient  Robust        t    P>|t|     [95% conf. interval]
-------------+----------------------------------------------------------------
           x |       0.98    0.031749   30.87 0.001     0.843395      1.1166
       _cons |       0.15    0.117729    1.27 0.331    -0.356545    0.656545
------------------------------------------------------------------------------

      Source |       SS           df       MS      Number of obs   =        10
-------------+----------------------------------   F(1, 8)        =    1707.38
       Model |       9.604          1       9.604    Prob > F        =     0.0000
    Residual |       0.045          8    0.005625    R-squared       =     0.9953
-------------+----------------------------------   Adj R-squared   =     0.9948
       Total |       9.649          9     1.07211    Root MSE        =      0.075

------------------------------------------------------------------------------
           y | Coefficient  Std. err.     t    P>|t|     [95% conf. interval]
-------------+----------------------------------------------------------------
           x |       0.98   0.0237171   41.32 0.000     0.925308     1.03469
       _cons |       0.15       0.075    2.00 0.081   -0.0229503     0.32295
------------------------------------------------------------------------------
