number of observations set to 24
(24 real changes made)
(8 real changes made)
(8 real changes made)
(24 real changes made)
(24 real changes made)
panel variable: cid
 time variable: year
         delta: 1 unit
--- L.y (lag-1) ---

      Source |       SS           df       MS      Number of obs   =          7
-------------+----------------------------------   F(1, 5)         =       6.43
       Model |     .201827          1     .201827  Prob > F        =     0.0521
    Residual |     .156831          5    .0313662  R-squared       =     0.5627
-------------+----------------------------------   Adj R-squared   =     0.4753
       Total |     .358658          6    .0597763  Root MSE        =     0.1771

------------------------------------------------------------------------------
           y | Coefficient  Std. err.     t    P>|t|     [95% conf. interval]
-------------+----------------------------------------------------------------
         L.y |    .388351     .153097    2.54 0.052    -.0051968       .7819
       _cons |    1.78503     .421262    4.24 0.008      .702138     2.86792
------------------------------------------------------------------------------

--- L2.y (lag-2): coefficient label must be L2.y, NOT L12.y ---

      Source |       SS           df       MS      Number of obs   =          6
-------------+----------------------------------   F(2, 3)         =     166.80
       Model |     .171781          2    .0858906  Prob > F        =     0.0008
    Residual |   .00154484          3  .000514946  R-squared       =     0.9911
-------------+----------------------------------   Adj R-squared   =     0.9851
       Total |     .173326          5    .0346652  Root MSE        =    0.02269

------------------------------------------------------------------------------
           y | Coefficient  Std. err.     t    P>|t|     [95% conf. interval]
-------------+----------------------------------------------------------------
         L.y |    1.23612    .0698368   17.70 0.000      1.01387     1.45837
        L2.y |   -.575827    .0338149  -17.03 0.000     -.683441    -.468213
       _cons |    .916483     .137061    6.69 0.007      .480293     1.35267
------------------------------------------------------------------------------

--- F.y (lead) ---

      Source |       SS           df       MS      Number of obs   =          7
-------------+----------------------------------   F(1, 5)         =       6.43
       Model |     .753057          1     .753057  Prob > F        =     0.0521
    Residual |     .585169          5     .117034  R-squared       =     0.5627
-------------+----------------------------------   Adj R-squared   =     0.4753
       Total |     1.33823          6     .223038  Root MSE        =     0.3421

------------------------------------------------------------------------------
           y | Coefficient  Std. err.     t    P>|t|     [95% conf. interval]
-------------+----------------------------------------------------------------
         F.y |    1.44902     .571236    2.54 0.052    -.0193905     2.91743
       _cons |   -1.39862     1.62748   -0.86 0.429     -5.58218     2.78494
------------------------------------------------------------------------------

--- D.y on its own RHS ---

      Source |       SS           df       MS      Number of obs   =          7
-------------+----------------------------------   F(1, 5)         =       0.62
       Model |    .0394462          1    .0394462  Prob > F        =     0.4674
    Residual |     .319212          5    .0638424  R-squared       =     0.1100
-------------+----------------------------------   Adj R-squared   =    -0.0680
       Total |     .358658          6    .0597763  Root MSE        =     0.2527

------------------------------------------------------------------------------
           y | Coefficient  Std. err.     t    P>|t|     [95% conf. interval]
-------------+----------------------------------------------------------------
         D.y |   -.244941     .311611   -0.79 0.467     -1.04596     .556082
       _cons |    2.87026     .102951   27.88 0.000      2.60562     3.13491
------------------------------------------------------------------------------

--- TS-op on depvar: regress D.y on lagged level ---

      Source |       SS           df       MS      Number of obs   =          7
-------------+----------------------------------   F(1, 5)         =      15.96
       Model |     .500649          1     .500649  Prob > F        =     0.0104
    Residual |     .156831          5    .0313662  R-squared       =     0.7615
-------------+----------------------------------   Adj R-squared   =     0.7138
       Total |      .65748          6      .10958  Root MSE        =     0.1771

------------------------------------------------------------------------------
         D.y | Coefficient  Std. err.     t    P>|t|     [95% conf. interval]
-------------+----------------------------------------------------------------
         L.y |   -.611649     .153097   -4.00 0.010      -1.0052      -.2181
       _cons |    1.78503     .421262    4.24 0.008      .702138     2.86792
------------------------------------------------------------------------------

--- mixed: TS-op + plain variable ---
(24 real changes made)

      Source |       SS           df       MS      Number of obs   =          7
-------------+----------------------------------   F(2, 4)         =      35.60
       Model |     .339583          2     .169791  Prob > F        =     0.0028
    Residual |    .0190753          4   .00476881  R-squared       =     0.9468
-------------+----------------------------------   Adj R-squared   =     0.9202
       Total |     .358658          6    .0597763  Root MSE        =    0.06906

------------------------------------------------------------------------------
           y | Coefficient  Std. err.     t    P>|t|     [95% conf. interval]
-------------+----------------------------------------------------------------
         L.y |    .678995    .0805471    8.43 0.001       .45536      .90263
          yr |  -.0946423     .017609   -5.37 0.006     -.143533   -.0457518
       _cons |    .995452     .220369    4.52 0.011       .38361     1.60729
------------------------------------------------------------------------------

--- case insensitive: lowercase l. should also work ---

      Source |       SS           df       MS      Number of obs   =          7
-------------+----------------------------------   F(1, 5)         =       6.43
       Model |     .201827          1     .201827  Prob > F        =     0.0521
    Residual |     .156831          5    .0313662  R-squared       =     0.5627
-------------+----------------------------------   Adj R-squared   =     0.4753
       Total |     .358658          6    .0597763  Root MSE        =     0.1771

------------------------------------------------------------------------------
           y | Coefficient  Std. err.     t    P>|t|     [95% conf. interval]
-------------+----------------------------------------------------------------
         L.y |    .388351     .153097    2.54 0.052    -.0051968       .7819
       _cons |    1.78503     .421262    4.24 0.008      .702138     2.86792
------------------------------------------------------------------------------
