number of observations set to 40
(40 real changes made)
(40 real changes made)
(40 real changes made)
panel variable: panel
 time variable: year
         delta: 1 unit
--- L(1/3).y ---

      Source |       SS           df       MS      Number of obs   =        37
-------------+----------------------------------   F(3, 33)        =        inf
       Model |     613.494          3     204.498    Prob > F        =     0.0000
    Residual | 1.24502e-27         33 3.77279e-29    R-squared       =     1.0000
-------------+----------------------------------   Adj R-squared   =     1.0000
       Total |     613.494         36     17.0415    Root MSE        =   6.142e-15

------------------------------------------------------------------------------
           y | Coefficient  Std. err.     t    P>|t|     [95% conf. interval]
-------------+----------------------------------------------------------------
         L.y |    2.91067  1.60297e-14 181579545977941.56 0.000      2.91067     2.91067
        L2.y |   -2.91067  3.1499e-14 -92405298653190.47 0.000     -2.91067    -2.91067
        L3.y |          1  1.58372e-14 63142528506501.08 0.000            1           1
       _cons |  0.0357308  3.27222e-15 10919427540153.50 0.000    0.0357308   0.0357308
------------------------------------------------------------------------------

--- L(1 3).y (skip lag 2) ---

      Source |       SS           df       MS      Number of obs   =        37
-------------+----------------------------------   F(2, 34)        =   32357.48
       Model |     613.171          2     306.586    Prob > F        =     0.0000
    Residual |    0.322148         34  0.00947495    R-squared       =     0.9995
-------------+----------------------------------   Adj R-squared   =     0.9994
       Total |     613.494         36     17.0415    Root MSE        =    0.09734

------------------------------------------------------------------------------
           y | Coefficient  Std. err.     t    P>|t|     [95% conf. interval]
-------------+----------------------------------------------------------------
         L.y |    1.44881   0.0409464   35.38 0.000       1.3656     1.53202
        L3.y |  -0.444242    0.040519  -10.96 0.000    -0.526587   -0.361898
       _cons | -0.00347044   0.0514185   -0.07 0.947    -0.107965    0.101025
------------------------------------------------------------------------------

--- L(0/2).y (includes y itself via L0) ---

      Source |       SS           df       MS      Number of obs   =        38
-------------+----------------------------------   F(3, 34)        =        inf
       Model |     658.239          3     219.413    Prob > F        =     0.0000
    Residual | 2.15852e-27         34 6.34859e-29    R-squared       =     1.0000
-------------+----------------------------------   Adj R-squared   =     1.0000
       Total |     658.239         37     17.7902    Root MSE        =   7.968e-15

------------------------------------------------------------------------------
           y | Coefficient  Std. err.     t    P>|t|     [95% conf. interval]
-------------+----------------------------------------------------------------
           y |          1  2.05356e-14 48695826761217.81 0.000            1           1
         L.y | -5.78575e-15  4.05443e-14   -0.14 0.887   -8.81817e-14  7.66103e-14
        L2.y | 5.15198e-15  2.04571e-14    0.25 0.803   -3.64218e-14  4.67258e-14
       _cons | -1.20122e-15  4.11788e-15   -0.29 0.772   -9.56976e-15  7.16733e-15
------------------------------------------------------------------------------

--- F(1/2).y ---

      Source |       SS           df       MS      Number of obs   =        38
-------------+----------------------------------   F(2, 35)        =   76713.13
       Model |         665          2       332.5    Prob > F        =     0.0000
    Residual |    0.151702         35  0.00433433    R-squared       =     0.9998
-------------+----------------------------------   Adj R-squared   =     0.9998
       Total |     665.152         37     17.9771    Root MSE        =    0.06584

------------------------------------------------------------------------------
           y | Coefficient  Std. err.     t    P>|t|     [95% conf. interval]
-------------+----------------------------------------------------------------
         F.y |    1.95666   0.0533127   36.70 0.000      1.84843      2.0649
        F2.y |  -0.953039   0.0532949  -17.88 0.000     -1.06123   -0.844845
       _cons | -0.0519769    0.032871   -1.58 0.123    -0.118709   0.0147548
------------------------------------------------------------------------------

--- mixed: plain var + operator-list ---
(40 real changes made)

      Source |       SS           df       MS      Number of obs   =        38
-------------+----------------------------------   F(3, 34)        =        inf
       Model |     658.239          3     219.413    Prob > F        =     0.0000
    Residual | 2.46322e-28         34 7.24476e-30    R-squared       =     1.0000
-------------+----------------------------------   Adj R-squared   =     1.0000
       Total |     658.239         37     17.7902    Root MSE        =   2.692e-15

------------------------------------------------------------------------------
           y | Coefficient  Std. err.     t    P>|t|     [95% conf. interval]
-------------+----------------------------------------------------------------
         L.y |    1.91067  2.19889e-15 868928098520773.12 0.000      1.91067     1.91067
        L2.y |         -1  2.20293e-15 -453940858536226.75 0.000           -1          -1
          yr |  0.0357308  2.4787e-16 144151248266450.59 0.000    0.0357308   0.0357308
       _cons |   0.768212  5.58645e-15 137513441081222.53 0.000     0.768212    0.768212
------------------------------------------------------------------------------
