number of observations set to 30
(30 real changes made)
(30 real changes made)
(30 real changes made)
(30 real changes made)
(30 real changes made)
panel variable: panel
 time variable: year
         delta: 1 unit
=== L.(x z) — bare op, two vars ===

      Source |       SS           df       MS      Number of obs   =        29
-------------+----------------------------------   F(2, 26)        =      79.18
       Model |     134.235          2     67.1176    Prob > F        =     0.0000
    Residual |     22.0387         26    0.847644    R-squared       =     0.8590
-------------+----------------------------------   Adj R-squared   =     0.8481
       Total |     156.274         28     5.58122    Root MSE        =     0.9207

------------------------------------------------------------------------------
           y | Coefficient  Std. err.     t    P>|t|     [95% conf. interval]
-------------+----------------------------------------------------------------
         L.x |    1.17528    0.130413    9.01 0.000     0.907214     1.44335
         L.z |   0.178537    0.229586    0.78 0.444    -0.293383    0.650458
       _cons |    1.35179    0.450878    3.00 0.006     0.424996     2.27858
------------------------------------------------------------------------------

=== L2.(x z) — op + lag, two vars ===

      Source |       SS           df       MS      Number of obs   =        28
-------------+----------------------------------   F(2, 25)        =     143.24
       Model |      132.24          2     66.1198    Prob > F        =     0.0000
    Residual |     11.5402         25    0.461609    R-squared       =     0.9197
-------------+----------------------------------   Adj R-squared   =     0.9133
       Total |      143.78         27     5.32518    Root MSE        =     0.6794

------------------------------------------------------------------------------
           y | Coefficient  Std. err.     t    P>|t|     [95% conf. interval]
-------------+----------------------------------------------------------------
        L2.x |    1.29282    0.106921   12.09 0.000      1.07262     1.51303
        L2.z |  0.0944315    0.174838    0.54 0.594    -0.265655    0.454518
       _cons |    1.43003    0.334283    4.28 0.000     0.741557     2.11849
------------------------------------------------------------------------------

=== L(1/2).(x z) — cross product, 4 regressors ===

      Source |       SS           df       MS      Number of obs   =        28
-------------+----------------------------------   F(4, 23)        =      95.19
       Model |      135.59          4     33.8974    Prob > F        =     0.0000
    Residual |     8.19012         23    0.356092    R-squared       =     0.9430
-------------+----------------------------------   Adj R-squared   =     0.9331
       Total |      143.78         27     5.32518    Root MSE        =     0.5967

------------------------------------------------------------------------------
           y | Coefficient  Std. err.     t    P>|t|     [95% conf. interval]
-------------+----------------------------------------------------------------
         L.x |   -1.19594    0.412972   -2.90 0.008     -2.05024    -0.34164
         L.z |   0.327137    0.285617    1.15 0.264    -0.263708    0.917981
        L2.x |    2.49479    0.425446    5.86 0.000      1.61468     3.37489
        L2.z | -0.0886167    0.302063   -0.29 0.772    -0.713481    0.536248
       _cons |    1.28568    0.304016    4.23 0.000     0.656776     1.91458
------------------------------------------------------------------------------

=== L(1(2)5).x — step form (lags 1, 3, 5) ===

      Source |       SS           df       MS      Number of obs   =        25
-------------+----------------------------------   F(3, 21)        =        inf
       Model |     117.871          3     39.2904    Prob > F        =     0.0000
    Residual | 9.13106e-29         21 4.34813e-30    R-squared       =     1.0000
-------------+----------------------------------   Adj R-squared   =     1.0000
       Total |     117.871         24      4.9113    Root MSE        =   2.085e-15

------------------------------------------------------------------------------
           y | Coefficient  Std. err.     t    P>|t|     [95% conf. interval]
-------------+----------------------------------------------------------------
         L.x |   0.683758  1.14273e-15 598356958051819.38 0.000     0.683758    0.683758
        L3.x |  -0.372646   2.145e-15 -173727523308334.59 0.000    -0.372646   -0.372646
        L5.x |    1.18889  1.24346e-15 956113738742925.38 0.000      1.18889     1.18889
       _cons |    1.35205  1.09778e-15 1231625481472118.25 0.000      1.35205     1.35205
------------------------------------------------------------------------------

=== F(1/2).(x z) — leads cross product ===

      Source |       SS           df       MS      Number of obs   =        28
-------------+----------------------------------   F(4, 23)        =      18.34
       Model |     111.048          4      27.762    Prob > F        =     0.0000
    Residual |     34.8164         23     1.51376    R-squared       =     0.7613
-------------+----------------------------------   Adj R-squared   =     0.7198
       Total |     145.865         27     5.40239    Root MSE        =       1.23

------------------------------------------------------------------------------
           y | Coefficient  Std. err.     t    P>|t|     [95% conf. interval]
-------------+----------------------------------------------------------------
         F.x |    2.21989    0.878649    2.53 0.019     0.402262     4.03751
         F.z |  -0.353618    0.611133   -0.58 0.568     -1.61784    0.910607
        F2.x |   -1.25164    0.847727   -1.48 0.153      -3.0053    0.502017
        F2.z |   0.927716    0.593215    1.56 0.132    -0.299442     2.15487
       _cons |   0.889917    0.634783    1.40 0.174    -0.423232     2.20307
------------------------------------------------------------------------------
