number of observations set to 12
(12 real changes made)
(12 real changes made)
(12 real changes made)
(12 real changes made)
panel variable: panel
 time variable: year
         delta: 1 unit
=== tabulate L.x ===
           L.x |      Freq.     Percent
---------------+----------------------
             . |          1       8.33
           1.5 |          1       8.33
          10.5 |          1       8.33
            12 |          1       8.33
          13.5 |          1       8.33
            15 |          1       8.33
          16.5 |          1       8.33
             3 |          1       8.33
           4.5 |          1       8.33
             6 |          1       8.33
           7.5 |          1       8.33
             9 |          1       8.33
---------------+----------------------
         Total |         12     100.00

=== tabstat with TS-op varlist: x L.x D.x ===

Summary statistics: mean, sd, min, max
  for variables: x L.x D.x

       stats |          x        L.x        D.x
-------------+---------------------------------
        mean |       9.75          9        1.5
          sd |   5.408327   4.974937          0
         min |        1.5        1.5        1.5
         max |         18       16.5        1.5

=== tabstat L(1/3).x — cross product, expect 3 cols with decreasing N ===

Summary statistics: mean, sd, n
  for variables: L.x L2.x L3.x

       stats |        L.x       L2.x       L3.x
-------------+---------------------------------
        mean |          9       8.25        7.5
          sd |   4.974937   4.541476   4.107919
           N |         11         10          9

=== collapse (mean) L.x by panel ===
number of observations set to 30
(30 real changes made)
(10 real changes made)
(10 real changes made)
(30 real changes made)
(30 real changes made)
panel variable: cid
 time variable: year
         delta: 1 unit
(collapsed to 3 observations)
     +          +          +
     | cid      | L.x      |
   1.| AAA      | 5        |
   2.| BBB      | 15       |
   3.| CCC      | 25       |

=== collapse with cross-product L(1/2).x ===
number of observations set to 30
(30 real changes made)
(10 real changes made)
(10 real changes made)
(30 real changes made)
(30 real changes made)
panel variable: cid
 time variable: year
         delta: 1 unit
(collapsed to 3 observations)
     +          +          +          +
     | cid      | L.x      | L2.x     |
   1.| AAA      | 5        | 4.5      |
   2.| BBB      | 15       | 14.5     |
   3.| CCC      | 25       | 24.5     |
