number of observations set to 12
(12 real changes made)
(4 real changes made)
(4 real changes made)
(12 real changes made)
(12 real changes made)
(1 real change made)
(1 real change made)
(1 real change made)
(1 real change made)
(1 real change made)
(1 real change made)
(1 real change made)
(1 real change made)
(1 real change made)
(1 real change made)
(1 real change made)
(1 real change made)
(12 real changes made)
(4 real changes made)
(4 real changes made)
(4 real changes made)
panel variable: panel
 time variable: year
         delta: 1 unit
=== xtreg y x, fe ===

Fixed-effects (within) regression               Number of obs     =         12
Group variable: panel                           Number of groups  =          3

R-squared:                                      Obs per group:
     Within  = 1.0000                           min               =          4
     Between = 1.0000                           avg               =        4.0
     Overall = 0.9470                           max               =          4

                                                F(1, 8)           =        inf
corr(u_i, Xb) = 1.0000                          Prob > F          =     0.0000

------------------------------------------------------------------------------
           y | Coefficient  Std. err.     t    P>|t|     [95% conf. interval]
-------------+----------------------------------------------------------------
           x |          1           0    0.00 1.000            1           1
-------------+----------------------------------------------------------------
     sigma_u |         10   
     sigma_e |          0   
         rho |          1   (fraction of variance due to u_i)
------------------------------------------------------------------------------

=== xtreg with vce(robust) — same coefficient, different SE ===

Fixed-effects (within) regression               Number of obs     =         12
Group variable: panel                           Number of groups  =          3

R-squared:                                      Obs per group:
     Within  = 1.0000                           min               =          4
     Between = 1.0000                           avg               =        4.0
     Overall = 0.9470                           max               =          4

                                                F(1, 8)           =        inf
corr(u_i, Xb) = 1.0000                          Prob > F          =     0.0000

------------------------------------------------------------------------------
           y | Coefficient  Robust        t    P>|t|     [95% conf. interval]
-------------+----------------------------------------------------------------
           x |          1           0    0.00 1.000            1           1
-------------+----------------------------------------------------------------
     sigma_u |         10   
     sigma_e |          0   
         rho |          1   (fraction of variance due to u_i)
------------------------------------------------------------------------------

=== xtreg with vce(cluster panel) — clustered SE ===

Fixed-effects (within) regression               Number of obs     =         12
Group variable: panel                           Number of groups  =          3

R-squared:                                      Obs per group:
     Within  = 1.0000                           min               =          4
     Between = 1.0000                           avg               =        4.0
     Overall = 0.9470                           max               =          4

                                                F(1, 8)           =        inf
corr(u_i, Xb) = 1.0000                          Prob > F          =     0.0000

------------------------------------------------------------------------------
           y | Coefficient  Cluster       t    P>|t|     [95% conf. interval]
-------------+----------------------------------------------------------------
           x |          1           0    0.00 1.000            1           1
-------------+----------------------------------------------------------------
     sigma_u |         10   
     sigma_e |          0   
         rho |          1   (fraction of variance due to u_i)
------------------------------------------------------------------------------
(Std. err. adjusted for 3 clusters in panel)

=== xtreg fails cleanly when xtset not declared ===
number of observations set to 6
(6 real changes made)
(6 real changes made)
rc=459

=== xtreg rejects ,re and ,be (not yet implemented) ===
number of observations set to 12
(12 real changes made)
(6 real changes made)
(12 real changes made)
(12 real changes made)
(12 real changes made)
panel variable: p
 time variable: t
         delta: 1 unit
rc=0
rc=198
