number of observations set to 100
(100 real changes made)
=== Logit intercept-only on 50/50 ===
Expected: _cons = 0 exactly (log(1) = 0), SE = 0.2 (= 1/sqrt(25))

Iteration 0:    log likelihood =   -69.314718
Iteration 3:    log likelihood =   -69.314718

Logistic regression                             Number of obs   =      100
                                                LR chi2(0)      =       0.00
                                                Prob > chi2     =     1.0000
Log likelihood = -69.314718                     Pseudo R2       =     0.0000

------------------------------------------------------------------------------
           y | Coefficient  Std. err.     z    P>|z|     [95% conf. interval]
-------------+----------------------------------------------------------------
       _cons | 1.29213e-17         0.2    0.00 1.000    -0.391993    0.391993
------------------------------------------------------------------------------

=== Probit intercept-only on 50/50 ===
Expected: _cons = 0 exactly, SE = sqrt(0.25·2π) / sqrt(100) ≈ 0.1253

Iteration 0:    log likelihood =   -69.314718
Iteration 3:    log likelihood =   -69.314718

Probit regression                               Number of obs   =      100
                                                LR chi2(0)      =       0.00
                                                Prob > chi2     =     1.0000
Log likelihood = -69.314718                     Pseudo R2       =     0.0000

------------------------------------------------------------------------------
           y | Coefficient  Std. err.     z    P>|z|     [95% conf. interval]
-------------+----------------------------------------------------------------
       _cons | -7.37025e-15    0.125331   -0.00 1.000    -0.245645    0.245645
------------------------------------------------------------------------------

=== Logit and probit with regressor — convergence + ratio check ===
number of observations set to 200
(200 real changes made)
(200 real changes made)
(20 real changes made)
logit beta_x  = 0.3780294752
probit beta_x = 0.2047269948
ratio (should be ~1.81 by classical scaling) = 1.81

=== Logit with vce(robust) ===
number of observations set to 500
(500 real changes made)
(500 real changes made)
(500 real changes made)
(500 real changes made)

Iteration 0:    log likelihood =  -346.557590
Iteration 3:    log likelihood =  -339.486982

Logistic regression                             Number of obs   =      500
                                                LR chi2(2)      =      14.14
                                                Prob > chi2     =     0.0008
Log likelihood = -339.486982                    Pseudo R2       =     0.0204

------------------------------------------------------------------------------
           y | Coefficient  Robust        z    P>|z|     [95% conf. interval]
-------------+----------------------------------------------------------------
          x1 |    0.50361    0.159115    3.17 0.002     0.191751     0.81547
          x2 |   0.292661    0.157927    1.85 0.064   -0.0168704    0.602193
       _cons | -0.00568641   0.0910172   -0.06 0.950    -0.184077    0.172704
------------------------------------------------------------------------------

=== Logit with vce(cluster g) ===

Iteration 0:    log likelihood =  -346.557590
Iteration 3:    log likelihood =  -339.486982

Logistic regression                             Number of obs   =      500
                                                LR chi2(2)      =      14.14
                                                Prob > chi2     =     0.0008
Log likelihood = -339.486982                    Pseudo R2       =     0.0204

------------------------------------------------------------------------------
           y | Coefficient  Cluster       z    P>|z|     [95% conf. interval]
-------------+----------------------------------------------------------------
          x1 |    0.50361   0.0938603    5.37 0.000     0.319647    0.687573
          x2 |   0.292661    0.112757    2.60 0.009    0.0716621     0.51366
       _cons | -0.00568641    0.053708   -0.11 0.916    -0.110952   0.0995794
------------------------------------------------------------------------------
(Std. err. adjusted for 25 clusters in g)

=== logit rejects non-binary y ===
number of observations set to 10
(10 real changes made)
(10 real changes made)
logit: outcome variable not binary (must be 0 or 1)
rc=.

=== Logit detects perfect separation ===
number of observations set to 20
(20 real changes made)
(20 real changes made)
logit: outcome perfectly predicted; reported coefficients and standard errors are not meaningful

Iteration 0:    log likelihood =   -13.862944
Iteration 22:    log likelihood =    -0.000000

Logistic regression                             Number of obs   =       20
                                                LR chi2(1)      =      27.73
                                                Prob > chi2     =     0.0000
Log likelihood = -0.000000                      Pseudo R2       =     1.0000

------------------------------------------------------------------------------
           y | Coefficient  Std. err.     z    P>|z|     [95% conf. interval]
-------------+----------------------------------------------------------------
           x |    34.9622     8840.75    0.00 0.997     -17292.6     17362.5
       _cons |     -367.1     92919.5   -0.00 0.997      -182486      181752
------------------------------------------------------------------------------
