number of observations set to 40
(40 real changes made)
(40 real changes made)
(40 real changes made)
(graph written to /tmp/tea_t40_sc.svg, n=40)
(graph written to /tmp/tea_t40_ln.svg, n=20)
(graph written to /tmp/tea_t40_hs.svg, n=40)
(graph written to /tmp/tea_t40_if.svg, n=24)
<svg xmlns="http://www.w3.org/2000/svg" width="640" height="440" viewBox="0 0 640 440" font-family="Helvetica,Arial,sans-serif">
<rect width="640" height="440" fill="white"/>
<rect x="70" y="40" width="550" height="340" fill="none" stroke="black" stroke-width="1"/>
<line x1="70.00" y1="40" x2="70.00" y2="380" stroke="#dddddd" stroke-width="1"/>
<line x1="70.00" y1="380" x2="70.00" y2="385" stroke="black" stroke-width="1"/>
<text x="70.00" y="400" text-anchor="middle" font-size="12">-2</text>
<line x1="207.50" y1="40" x2="207.50" y2="380" stroke="#dddddd" stroke-width="1"/>
<line x1="207.50" y1="380" x2="207.50" y2="385" stroke="black" stroke-width="1"/>
<text x="207.50" y="400" text-anchor="middle" font-size="12">-1</text>
<line x1="345.00" y1="40" x2="345.00" y2="380" stroke="#dddddd" stroke-width="1"/>
<line x1="345.00" y1="380" x2="345.00" y2="385" stroke="black" stroke-width="1"/>
<text x="345.00" y="400" text-anchor="middle" font-size="12">0</text>
<line x1="482.50" y1="40" x2="482.50" y2="380" stroke="#dddddd" stroke-width="1"/>
<line x1="482.50" y1="380" x2="482.50" y2="385" stroke="black" stroke-width="1"/>
<text x="482.50" y="400" text-anchor="middle" font-size="12">1</text>
<line x1="620.00" y1="40" x2="620.00" y2="380" stroke="#dddddd" stroke-width="1"/>
<line x1="620.00" y1="380" x2="620.00" y2="385" stroke="black" stroke-width="1"/>
<text x="620.00" y="400" text-anchor="middle" font-size="12">2</text>
<line x1="70" y1="380.00" x2="620" y2="380.00" stroke="#dddddd" stroke-width="1"/>
<line x1="65" y1="380.00" x2="70" y2="380.00" stroke="black" stroke-width="1"/>
<text x="61" y="380.00" text-anchor="end" dominant-baseline="middle" font-size="12">-4</text>
<line x1="70" y1="312.00" x2="620" y2="312.00" stroke="#dddddd" stroke-width="1"/>
<line x1="65" y1="312.00" x2="70" y2="312.00" stroke="black" stroke-width="1"/>
<text x="61" y="312.00" text-anchor="end" dominant-baseline="middle" font-size="12">-2</text>
<line x1="70" y1="244.00" x2="620" y2="244.00" stroke="#dddddd" stroke-width="1"/>
<line x1="65" y1="244.00" x2="70" y2="244.00" stroke="black" stroke-width="1"/>
<text x="61" y="244.00" text-anchor="end" dominant-baseline="middle" font-size="12">0</text>
<line x1="70" y1="176.00" x2="620" y2="176.00" stroke="#dddddd" stroke-width="1"/>
<line x1="65" y1="176.00" x2="70" y2="176.00" stroke="black" stroke-width="1"/>
<text x="61" y="176.00" text-anchor="end" dominant-baseline="middle" font-size="12">2</text>
<line x1="70" y1="108.00" x2="620" y2="108.00" stroke="#dddddd" stroke-width="1"/>
<line x1="65" y1="108.00" x2="70" y2="108.00" stroke="black" stroke-width="1"/>
<text x="61" y="108.00" text-anchor="end" dominant-baseline="middle" font-size="12">4</text>
<line x1="70" y1="40.00" x2="620" y2="40.00" stroke="#dddddd" stroke-width="1"/>
<line x1="65" y1="40.00" x2="70" y2="40.00" stroke="black" stroke-width="1"/>
<text x="61" y="40.00" text-anchor="end" dominant-baseline="middle" font-size="12">6</text>
<text x="320" y="24" text-anchor="middle" font-size="16" font-weight="bold">&quot;golden scatter&quot;</text>
<text x="345" y="426" text-anchor="middle" font-size="13">x</text>
<text x="18" y="210.0" text-anchor="middle" font-size="13" transform="rotate(-90 18 210.0)">y</text>
<circle cx="532.31" cy="146.01" r="3" fill="#1f4e79" fill-opacity="0.75"/>
<circle cx="461.27" cy="138.10" r="3" fill="#1f4e79" fill-opacity="0.75"/>
<circle cx="154.55" cy="295.65" r="3" fill="#1f4e79" fill-opacity="0.75"/>
<circle cx="571.05" cy="87.49" r="3" fill="#1f4e79" fill-opacity="0.75"/>
<circle cx="358.52" cy="180.64" r="3" fill="#1f4e79" fill-opacity="0.75"/>
<circle cx="569.39" cy="105.10" r="3" fill="#1f4e79" fill-opacity="0.75"/>
<circle cx="194.64" cy="256.58" r="3" fill="#1f4e79" fill-opacity="0.75"/>
<circle cx="173.30" cy="296.88" r="3" fill="#1f4e79" fill-opacity="0.75"/>
<circle cx="297.67" cy="247.01" r="3" fill="#1f4e79" fill-opacity="0.75"/>
<circle cx="426.27" cy="169.87" r="3" fill="#1f4e79" fill-opacity="0.75"/>
<circle cx="465.29" cy="143.55" r="3" fill="#1f4e79" fill-opacity="0.75"/>
<circle cx="432.85" cy="155.61" r="3" fill="#1f4e79" fill-opacity="0.75"/>
<circle cx="452.91" cy="163.19" r="3" fill="#1f4e79" fill-opacity="0.75"/>
<circle cx="71.09" cy="367.95" r="3" fill="#1f4e79" fill-opacity="0.75"/>
<circle cx="322.64" cy="207.75" r="3" fill="#1f4e79" fill-opacity="0.75"/>
<circle cx="217.25" cy="274.90" r="3" fill="#1f4e79" fill-opacity="0.75"/>
<circle cx="403.05" cy="173.46" r="3" fill="#1f4e79" fill-opacity="0.75"/>
<circle cx="352.17" cy="226.52" r="3" fill="#1f4e79" fill-opacity="0.75"/>
<circle cx="431.55" cy="183.81" r="3" fill="#1f4e79" fill-opacity="0.75"/>
<circle cx="265.06" cy="278.23" r="3" fill="#1f4e79" fill-opacity="0.75"/>
<circle cx="538.52" cy="98.50" r="3" fill="#1f4e79" fill-opacity="0.75"/>
<circle cx="458.74" cy="126.71" r="3" fill="#1f4e79" fill-opacity="0.75"/>
<circle cx="311.02" cy="264.32" r="3" fill="#1f4e79" fill-opacity="0.75"/>
<circle cx="385.94" cy="190.25" r="3" fill="#1f4e79" fill-opacity="0.75"/>
<circle cx="325.22" cy="209.15" r="3" fill="#1f4e79" fill-opacity="0.75"/>
<circle cx="523.60" cy="126.95" r="3" fill="#1f4e79" fill-opacity="0.75"/>
<circle cx="551.29" cy="99.62" r="3" fill="#1f4e79" fill-opacity="0.75"/>
<circle cx="414.46" cy="189.68" r="3" fill="#1f4e79" fill-opacity="0.75"/>
<circle cx="324.16" cy="212.63" r="3" fill="#1f4e79" fill-opacity="0.75"/>
<circle cx="344.61" cy="218.40" r="3" fill="#1f4e79" fill-opacity="0.75"/>
<circle cx="369.63" cy="201.93" r="3" fill="#1f4e79" fill-opacity="0.75"/>
<circle cx="312.42" cy="214.17" r="3" fill="#1f4e79" fill-opacity="0.75"/>
<circle cx="104.90" cy="297.03" r="3" fill="#1f4e79" fill-opacity="0.75"/>
<circle cx="571.49" cy="88.17" r="3" fill="#1f4e79" fill-opacity="0.75"/>
<circle cx="618.24" cy="82.12" r="3" fill="#1f4e79" fill-opacity="0.75"/>
<circle cx="546.13" cy="109.81" r="3" fill="#1f4e79" fill-opacity="0.75"/>
<circle cx="202.56" cy="266.95" r="3" fill="#1f4e79" fill-opacity="0.75"/>
<circle cx="444.65" cy="185.53" r="3" fill="#1f4e79" fill-opacity="0.75"/>
<circle cx="253.27" cy="227.46" r="3" fill="#1f4e79" fill-opacity="0.75"/>
<circle cx="398.39" cy="154.96" r="3" fill="#1f4e79" fill-opacity="0.75"/>
</svg>
<svg xmlns="http://www.w3.org/2000/svg" width="640" height="440" viewBox="0 0 640 440" font-family="Helvetica,Arial,sans-serif">
<rect width="640" height="440" fill="white"/>
<rect x="70" y="40" width="550" height="340" fill="none" stroke="black" stroke-width="1"/>
<line x1="70.00" y1="40" x2="70.00" y2="380" stroke="#dddddd" stroke-width="1"/>
<line x1="70.00" y1="380" x2="70.00" y2="385" stroke="black" stroke-width="1"/>
<text x="70.00" y="400" text-anchor="middle" font-size="12">0</text>
<line x1="207.50" y1="40" x2="207.50" y2="380" stroke="#dddddd" stroke-width="1"/>
<line x1="207.50" y1="380" x2="207.50" y2="385" stroke="black" stroke-width="1"/>
<text x="207.50" y="400" text-anchor="middle" font-size="12">5</text>
<line x1="345.00" y1="40" x2="345.00" y2="380" stroke="#dddddd" stroke-width="1"/>
<line x1="345.00" y1="380" x2="345.00" y2="385" stroke="black" stroke-width="1"/>
<text x="345.00" y="400" text-anchor="middle" font-size="12">10</text>
<line x1="482.50" y1="40" x2="482.50" y2="380" stroke="#dddddd" stroke-width="1"/>
<line x1="482.50" y1="380" x2="482.50" y2="385" stroke="black" stroke-width="1"/>
<text x="482.50" y="400" text-anchor="middle" font-size="12">15</text>
<line x1="620.00" y1="40" x2="620.00" y2="380" stroke="#dddddd" stroke-width="1"/>
<line x1="620.00" y1="380" x2="620.00" y2="385" stroke="black" stroke-width="1"/>
<text x="620.00" y="400" text-anchor="middle" font-size="12">20</text>
<line x1="70" y1="380.00" x2="620" y2="380.00" stroke="#dddddd" stroke-width="1"/>
<line x1="65" y1="380.00" x2="70" y2="380.00" stroke="black" stroke-width="1"/>
<text x="61" y="380.00" text-anchor="end" dominant-baseline="middle" font-size="12">-4</text>
<line x1="70" y1="312.00" x2="620" y2="312.00" stroke="#dddddd" stroke-width="1"/>
<line x1="65" y1="312.00" x2="70" y2="312.00" stroke="black" stroke-width="1"/>
<text x="61" y="312.00" text-anchor="end" dominant-baseline="middle" font-size="12">-2</text>
<line x1="70" y1="244.00" x2="620" y2="244.00" stroke="#dddddd" stroke-width="1"/>
<line x1="65" y1="244.00" x2="70" y2="244.00" stroke="black" stroke-width="1"/>
<text x="61" y="244.00" text-anchor="end" dominant-baseline="middle" font-size="12">0</text>
<line x1="70" y1="176.00" x2="620" y2="176.00" stroke="#dddddd" stroke-width="1"/>
<line x1="65" y1="176.00" x2="70" y2="176.00" stroke="black" stroke-width="1"/>
<text x="61" y="176.00" text-anchor="end" dominant-baseline="middle" font-size="12">2</text>
<line x1="70" y1="108.00" x2="620" y2="108.00" stroke="#dddddd" stroke-width="1"/>
<line x1="65" y1="108.00" x2="70" y2="108.00" stroke="black" stroke-width="1"/>
<text x="61" y="108.00" text-anchor="end" dominant-baseline="middle" font-size="12">4</text>
<line x1="70" y1="40.00" x2="620" y2="40.00" stroke="#dddddd" stroke-width="1"/>
<line x1="65" y1="40.00" x2="70" y2="40.00" stroke="black" stroke-width="1"/>
<text x="61" y="40.00" text-anchor="end" dominant-baseline="middle" font-size="12">6</text>
<text x="345" y="426" text-anchor="middle" font-size="13">t</text>
<text x="18" y="210.0" text-anchor="middle" font-size="13" transform="rotate(-90 18 210.0)">y</text>
<polyline fill="none" stroke="#1f4e79" stroke-width="1.5" points="97.50,146.01 125.00,138.10 152.50,295.65 180.00,87.49 207.50,180.64 235.00,105.10 262.50,256.58 290.00,296.88 317.50,247.01 345.00,169.87 372.50,143.55 400.00,155.61 427.50,163.19 455.00,367.95 482.50,207.75 510.00,274.90 537.50,173.46 565.00,226.52 592.50,183.81 620.00,278.23"/>
</svg>
<svg xmlns="http://www.w3.org/2000/svg" width="640" height="440" viewBox="0 0 640 440" font-family="Helvetica,Arial,sans-serif">
<rect width="640" height="440" fill="white"/>
<rect x="70" y="40" width="550" height="340" fill="none" stroke="black" stroke-width="1"/>
<line x1="70.00" y1="40" x2="70.00" y2="380" stroke="#dddddd" stroke-width="1"/>
<line x1="70.00" y1="380" x2="70.00" y2="385" stroke="black" stroke-width="1"/>
<text x="70.00" y="400" text-anchor="middle" font-size="12">-2</text>
<line x1="207.50" y1="40" x2="207.50" y2="380" stroke="#dddddd" stroke-width="1"/>
<line x1="207.50" y1="380" x2="207.50" y2="385" stroke="black" stroke-width="1"/>
<text x="207.50" y="400" text-anchor="middle" font-size="12">-1</text>
<line x1="345.00" y1="40" x2="345.00" y2="380" stroke="#dddddd" stroke-width="1"/>
<line x1="345.00" y1="380" x2="345.00" y2="385" stroke="black" stroke-width="1"/>
<text x="345.00" y="400" text-anchor="middle" font-size="12">0</text>
<line x1="482.50" y1="40" x2="482.50" y2="380" stroke="#dddddd" stroke-width="1"/>
<line x1="482.50" y1="380" x2="482.50" y2="385" stroke="black" stroke-width="1"/>
<text x="482.50" y="400" text-anchor="middle" font-size="12">1</text>
<line x1="620.00" y1="40" x2="620.00" y2="380" stroke="#dddddd" stroke-width="1"/>
<line x1="620.00" y1="380" x2="620.00" y2="385" stroke="black" stroke-width="1"/>
<text x="620.00" y="400" text-anchor="middle" font-size="12">2</text>
<line x1="70" y1="380.00" x2="620" y2="380.00" stroke="#dddddd" stroke-width="1"/>
<line x1="65" y1="380.00" x2="70" y2="380.00" stroke="black" stroke-width="1"/>
<text x="61" y="380.00" text-anchor="end" dominant-baseline="middle" font-size="12">0</text>
<line x1="70" y1="312.00" x2="620" y2="312.00" stroke="#dddddd" stroke-width="1"/>
<line x1="65" y1="312.00" x2="70" y2="312.00" stroke="black" stroke-width="1"/>
<text x="61" y="312.00" text-anchor="end" dominant-baseline="middle" font-size="12">2</text>
<line x1="70" y1="244.00" x2="620" y2="244.00" stroke="#dddddd" stroke-width="1"/>
<line x1="65" y1="244.00" x2="70" y2="244.00" stroke="black" stroke-width="1"/>
<text x="61" y="244.00" text-anchor="end" dominant-baseline="middle" font-size="12">4</text>
<line x1="70" y1="176.00" x2="620" y2="176.00" stroke="#dddddd" stroke-width="1"/>
<line x1="65" y1="176.00" x2="70" y2="176.00" stroke="black" stroke-width="1"/>
<text x="61" y="176.00" text-anchor="end" dominant-baseline="middle" font-size="12">6</text>
<line x1="70" y1="108.00" x2="620" y2="108.00" stroke="#dddddd" stroke-width="1"/>
<line x1="65" y1="108.00" x2="70" y2="108.00" stroke="black" stroke-width="1"/>
<text x="61" y="108.00" text-anchor="end" dominant-baseline="middle" font-size="12">8</text>
<line x1="70" y1="40.00" x2="620" y2="40.00" stroke="#dddddd" stroke-width="1"/>
<line x1="65" y1="40.00" x2="70" y2="40.00" stroke="black" stroke-width="1"/>
<text x="61" y="40.00" text-anchor="end" dominant-baseline="middle" font-size="12">10</text>
<text x="345" y="426" text-anchor="middle" font-size="13">x</text>
<text x="18" y="210.0" text-anchor="middle" font-size="13" transform="rotate(-90 18 210.0)">Frequency</text>
<rect x="71.09" y="312.00" width="68.39" height="68.00" fill="#1f4e79" fill-opacity="0.8" stroke="white" stroke-width="0.5"/>
<rect x="139.48" y="244.00" width="68.39" height="136.00" fill="#1f4e79" fill-opacity="0.8" stroke="white" stroke-width="0.5"/>
<rect x="207.88" y="278.00" width="68.39" height="102.00" fill="#1f4e79" fill-opacity="0.8" stroke="white" stroke-width="0.5"/>
<rect x="276.27" y="142.00" width="68.39" height="238.00" fill="#1f4e79" fill-opacity="0.8" stroke="white" stroke-width="0.5"/>
<rect x="344.67" y="176.00" width="68.39" height="204.00" fill="#1f4e79" fill-opacity="0.8" stroke="white" stroke-width="0.5"/>
<rect x="413.06" y="74.00" width="68.39" height="306.00" fill="#1f4e79" fill-opacity="0.8" stroke="white" stroke-width="0.5"/>
<rect x="481.45" y="244.00" width="68.39" height="136.00" fill="#1f4e79" fill-opacity="0.8" stroke="white" stroke-width="0.5"/>
<rect x="549.85" y="210.00" width="68.39" height="170.00" fill="#1f4e79" fill-opacity="0.8" stroke="white" stroke-width="0.5"/>
</svg>
<svg xmlns="http://www.w3.org/2000/svg" width="640" height="440" viewBox="0 0 640 440" font-family="Helvetica,Arial,sans-serif">
<rect width="640" height="440" fill="white"/>
<rect x="70" y="40" width="550" height="340" fill="none" stroke="black" stroke-width="1"/>
<line x1="70.00" y1="40" x2="70.00" y2="380" stroke="#dddddd" stroke-width="1"/>
<line x1="70.00" y1="380" x2="70.00" y2="385" stroke="black" stroke-width="1"/>
<text x="70.00" y="400" text-anchor="middle" font-size="12">0</text>
<line x1="207.50" y1="40" x2="207.50" y2="380" stroke="#dddddd" stroke-width="1"/>
<line x1="207.50" y1="380" x2="207.50" y2="385" stroke="black" stroke-width="1"/>
<text x="207.50" y="400" text-anchor="middle" font-size="12">0.5</text>
<line x1="345.00" y1="40" x2="345.00" y2="380" stroke="#dddddd" stroke-width="1"/>
<line x1="345.00" y1="380" x2="345.00" y2="385" stroke="black" stroke-width="1"/>
<text x="345.00" y="400" text-anchor="middle" font-size="12">1</text>
<line x1="482.50" y1="40" x2="482.50" y2="380" stroke="#dddddd" stroke-width="1"/>
<line x1="482.50" y1="380" x2="482.50" y2="385" stroke="black" stroke-width="1"/>
<text x="482.50" y="400" text-anchor="middle" font-size="12">1.5</text>
<line x1="620.00" y1="40" x2="620.00" y2="380" stroke="#dddddd" stroke-width="1"/>
<line x1="620.00" y1="380" x2="620.00" y2="385" stroke="black" stroke-width="1"/>
<text x="620.00" y="400" text-anchor="middle" font-size="12">2</text>
<line x1="70" y1="380.00" x2="620" y2="380.00" stroke="#dddddd" stroke-width="1"/>
<line x1="65" y1="380.00" x2="70" y2="380.00" stroke="black" stroke-width="1"/>
<text x="61" y="380.00" text-anchor="end" dominant-baseline="middle" font-size="12">0</text>
<line x1="70" y1="312.00" x2="620" y2="312.00" stroke="#dddddd" stroke-width="1"/>
<line x1="65" y1="312.00" x2="70" y2="312.00" stroke="black" stroke-width="1"/>
<text x="61" y="312.00" text-anchor="end" dominant-baseline="middle" font-size="12">1</text>
<line x1="70" y1="244.00" x2="620" y2="244.00" stroke="#dddddd" stroke-width="1"/>
<line x1="65" y1="244.00" x2="70" y2="244.00" stroke="black" stroke-width="1"/>
<text x="61" y="244.00" text-anchor="end" dominant-baseline="middle" font-size="12">2</text>
<line x1="70" y1="176.00" x2="620" y2="176.00" stroke="#dddddd" stroke-width="1"/>
<line x1="65" y1="176.00" x2="70" y2="176.00" stroke="black" stroke-width="1"/>
<text x="61" y="176.00" text-anchor="end" dominant-baseline="middle" font-size="12">3</text>
<line x1="70" y1="108.00" x2="620" y2="108.00" stroke="#dddddd" stroke-width="1"/>
<line x1="65" y1="108.00" x2="70" y2="108.00" stroke="black" stroke-width="1"/>
<text x="61" y="108.00" text-anchor="end" dominant-baseline="middle" font-size="12">4</text>
<line x1="70" y1="40.00" x2="620" y2="40.00" stroke="#dddddd" stroke-width="1"/>
<line x1="65" y1="40.00" x2="70" y2="40.00" stroke="black" stroke-width="1"/>
<text x="61" y="40.00" text-anchor="end" dominant-baseline="middle" font-size="12">5</text>
<text x="345" y="426" text-anchor="middle" font-size="13">x</text>
<text x="18" y="210.0" text-anchor="middle" font-size="13" transform="rotate(-90 18 210.0)">y</text>
<circle cx="444.62" cy="184.01" r="3" fill="#1f4e79" fill-opacity="0.75"/>
<circle cx="302.53" cy="168.21" r="3" fill="#1f4e79" fill-opacity="0.75"/>
<circle cx="522.09" cy="66.99" r="3" fill="#1f4e79" fill-opacity="0.75"/>
<circle cx="97.05" cy="253.27" r="3" fill="#1f4e79" fill-opacity="0.75"/>
<circle cx="518.77" cy="102.20" r="3" fill="#1f4e79" fill-opacity="0.75"/>
<circle cx="232.54" cy="231.75" r="3" fill="#1f4e79" fill-opacity="0.75"/>
<circle cx="310.59" cy="179.11" r="3" fill="#1f4e79" fill-opacity="0.75"/>
<circle cx="245.70" cy="203.22" r="3" fill="#1f4e79" fill-opacity="0.75"/>
<circle cx="285.83" cy="218.38" r="3" fill="#1f4e79" fill-opacity="0.75"/>
<circle cx="186.10" cy="238.92" r="3" fill="#1f4e79" fill-opacity="0.75"/>
<circle cx="84.35" cy="345.04" r="3" fill="#1f4e79" fill-opacity="0.75"/>
<circle cx="243.10" cy="259.63" r="3" fill="#1f4e79" fill-opacity="0.75"/>
<circle cx="457.03" cy="89.00" r="3" fill="#1f4e79" fill-opacity="0.75"/>
<circle cx="297.48" cy="145.41" r="3" fill="#1f4e79" fill-opacity="0.75"/>
<circle cx="151.87" cy="272.51" r="3" fill="#1f4e79" fill-opacity="0.75"/>
<circle cx="427.20" cy="145.90" r="3" fill="#1f4e79" fill-opacity="0.75"/>
<circle cx="482.58" cy="91.23" r="3" fill="#1f4e79" fill-opacity="0.75"/>
<circle cx="208.92" cy="271.37" r="3" fill="#1f4e79" fill-opacity="0.75"/>
<circle cx="119.27" cy="295.85" r="3" fill="#1f4e79" fill-opacity="0.75"/>
<circle cx="522.99" cy="68.34" r="3" fill="#1f4e79" fill-opacity="0.75"/>
<circle cx="616.49" cy="56.25" r="3" fill="#1f4e79" fill-opacity="0.75"/>
<circle cx="472.25" cy="111.63" r="3" fill="#1f4e79" fill-opacity="0.75"/>
<circle cx="269.31" cy="263.05" r="3" fill="#1f4e79" fill-opacity="0.75"/>
<circle cx="176.79" cy="201.91" r="3" fill="#1f4e79" fill-opacity="0.75"/>
</svg>
