bundled practice datasets (load with: sysuse NAME):
  grunfeld  Grunfeld (1958) investment panel: 10 US firms x 1935-1954 (xtreg, hausman)
  airline   Box-Jenkins airline passengers, monthly 1949-1960 (tsset, arima)
  longley   Longley (1967) US macro, 16 obs: famously ill-conditioned (regress)
  nmes1988  Deb-Trivedi (1997) medical care demand, 4406 persons 66+ (poisson, logit)
  pwt       Penn World Table 10.0 sample: 22 countries x 1950-2019, CC BY 4.0 (growth)
  weo       IMF World Economic Outlook, April 2026: 197 countries + 13 aggregates, 145 indicators
provenance & citations: data/SOURCES.md in the source tree
(grunfeld: 200 obs loaded — Grunfeld (1958) investment panel: 10 US firms x 1935-1954 (xtreg, hausman))
grunfeld: 200 obs
panel variable: firm
 time variable: year
         delta: 1 unit

Fixed-effects (within) regression               Number of obs   =      200
Group variable: firm                            Number of groups =       10

R-sq:                                           Obs per group:
     within  = 0.7668                                  min =       20
     between = 0.8578                                  avg =     20.0
     overall = 0.8060                                  max =       20

                                                F(2, 188) =     309.01
corr(u_i, Xb)  = -0.1698                        Prob > F      =     0.0000

------------------------------------------------------------------------------
      invest | Coefficient  Std. err.     t    P>|t|     [95% conf. interval]
-------------+----------------------------------------------------------------
       value |   0.110124   0.0118567    9.29 0.000    0.0867345    0.133513
     capital |   0.310065   0.0173545   17.87 0.000     0.275831      0.3443
-------------+----------------------------------------------------------------
     sigma_u |    84.9167   
     sigma_e |     52.768   
         rho |   0.721423   (fraction of variance due to u_i)
------------------------------------------------------------------------------
F test that all u_i=0:  F(9, 188) =      49.18      Prob > F = 0.0000
line 11: sysuse: no; data in memory would be lost (use ',clear' to discard it)
(longley: 16 obs loaded — Longley (1967) US macro, 16 obs: famously ill-conditioned (regress))

      Source |       SS           df       MS      Number of obs   =        16
-------------+----------------------------------   F(6, 9)        =     330.29
       Model |     184.172          6     30.6954    Prob > F        =     0.0000
    Residual |    0.836424          9    0.092936    R-squared       =     0.9955
-------------+----------------------------------   Adj R-squared   =     0.9925
       Total |     185.009         15     12.3339    Root MSE        =     0.3049

------------------------------------------------------------------------------
    employed | Coefficient  Std. err.     t    P>|t|     [95% conf. interval]
-------------+----------------------------------------------------------------
 gnpdeflator |  0.0150619   0.0849149    0.18 0.863    -0.177029    0.207153
         gnp | -0.0358192    0.033491   -1.07 0.313    -0.111581   0.0399427
  unemployed | -0.0202023    0.004884   -4.14 0.003   -0.0312507  -0.00915393
 armedforces | -0.0103323  0.00214274   -4.82 0.001   -0.0151795  -0.00548505
  population | -0.0511041    0.226073   -0.23 0.826    -0.562517    0.460309
        year |    1.82915    0.455479    4.02 0.003     0.798788     2.85952
       _cons |   -3482.26      890.42   -3.91 0.004     -5496.53    -1467.99
------------------------------------------------------------------------------
(airline: 144 obs loaded — Box-Jenkins airline passengers, monthly 1949-1960 (tsset, arima))

    Variable |        Obs        Mean    Std. dev.         Min         Max
-------------+--------------------------------------------------------------
  passengers |        144       280.3          120         104         622
(nmes1988: 4406 obs loaded — Deb-Trivedi (1997) medical care demand, 4406 persons 66+ (poisson, logit))

Iteration 0:    log likelihood = -19859.170202
Iteration 13:    log likelihood = -18645.976763

Poisson regression                              Number of obs   =     4406
                                                LR chi2(3)      =    2426.39
                                                Prob > chi2     =     0.0000
Log likelihood = -18645.976763                   Pseudo R2       =     0.0611

------------------------------------------------------------------------------
      visits | Coefficient  Std. err.     z    P>|z|     [95% conf. interval]
-------------+----------------------------------------------------------------
     chronic |   0.203003  0.00408937   49.64 0.000     0.194988    0.211018
      school |  0.0278789  0.00178127   15.65 0.000    0.0243877   0.0313701
      income | -0.00606297  0.00225509   -2.69 0.007   -0.0104829  -0.00164308
       _cons |     1.1246   0.0214572   52.41 0.000      1.08254     1.16665
------------------------------------------------------------------------------
(pwt: 1540 obs loaded — Penn World Table 10.0 sample: 22 countries x 1950-2019, CC BY 4.0 (growth))
(1540 real changes made)

    Variable |        Obs        Mean    Std. dev.         Min         Max
-------------+--------------------------------------------------------------
        lgdp |       1538       10.13       0.6112       8.082       11.48
line 26: sysuse: no bundled dataset 'nosuchdata' (try: sysuse dir)
still alive
(weo: 10168 obs loaded — IMF World Economic Outlook, April 2026: 197 countries + 13 aggregates, 145 indicators)
weo: 10168 obs
(observations now 9492)
countries only: 9492 obs
panel variable: iso
 time variable: year
         delta: 1 unit

Fixed-effects (within) regression               Number of obs   =     5854
Group variable: iso                             Number of groups =      193

R-sq:                                           Obs per group:
     within  = 0.0132                                  min =       14
     between = 0.0111                                  avg =     30.3
     overall = 0.0115                                  max =       46

                                                F(1, 5660) =      75.87
corr(u_i, Xb)  = -0.2180                        Prob > F      =     0.0000

------------------------------------------------------------------------------
   ngdp_rpch | Coefficient  Std. err.     t    P>|t|     [95% conf. interval]
-------------+----------------------------------------------------------------
 ggxwdg_ngdp | -0.0201611  0.00231467   -8.71 0.000   -0.0246987  -0.0156234
-------------+----------------------------------------------------------------
     sigma_u |    1.74613   
     sigma_e |    5.44188   
         rho |  0.0933459   (fraction of variance due to u_i)
------------------------------------------------------------------------------
F test that all u_i=0:  F(192, 5660) =       4.07      Prob > F = 0.0000

    Variable |        Obs        Mean    Std. dev.         Min         Max
-------------+--------------------------------------------------------------
     pcpipch |        195       15.47        56.32      -7.714       667.4
