number of observations set to 10
(10 real changes made)
after keep-typo: 10
after drop-typo: 10
final _N: 10

    Variable |        Obs        Mean    Std. dev.         Min         Max
-------------+--------------------------------------------------------------
           x |         10         5.5        3.028           1          10
line 23: if error: variable nosuchvar not found
do-file aborted at line 23 (rc=111)
