number of observations set to 4
(4 real changes made)
(4 real changes made)
111
111
111
4
111
(4 real changes made)
     +          +          +          +           +
     | g        | x        | n2       | m2        |
   1.| 1        | 1        | 2        |     1.500 |
   2.| 1        | 2        | 2        |     1.500 |
   3.| 2        | 3        | 2        |     3.500 |
   4.| 2        | 4        | 2        |     3.500 |
