(3 vars, 2 obs)

Contains data
  obs: 2
 vars: 3
-------------------------------------------------------------
variable         type     format     label
name             str      %9.0g      
x                double   %9.0g      
note             str      %9.0g      
-------------------------------------------------------------
     +          +          +             +
     | name     | x        | note        |
   1.| alpha    | 1.5      | has, comma  |
   2.| beta     | 2.5      | has "quote" |
(1 vars, 1 obs)
     +          +
     | k        |
   1.| 9        |
601
