(grunfeld: 200 obs loaded — Grunfeld (1958) investment panel: 10 US firms x 1935-1954 (xtreg, hausman))
(obs=200)

             |   invest    value  capital
-------------+---------------------------
      invest |   1.0000
       value |   0.8569   1.0000
     capital |   0.6626   0.4887   1.0000
(obs=200)

    Variable |       Mean  Std. dev.        Min        Max
-------------+--------------------------------------------
      invest |   145.9582   216.8753       0.93     1486.7
       value |   1081.681    1314.47      58.12     6241.7
     capital |   276.0172   301.1039        0.8     2226.3

             |   invest    value  capital
-------------+---------------------------
      invest |   1.0000
       value |   0.8569   1.0000
     capital |   0.6626   0.4887   1.0000
(obs=200)

             |    invest     value
-------------+--------------------
      invest | 4.703e+04
       value | 2.443e+05 1.728e+06
(obs=100)

             |   invest    value
-------------+------------------
      invest |   1.0000
       value |   0.8089   1.0000
One-sample t test
------------------------------------------------------------------------------
Variable |     Obs        Mean    Std. err.   Std. dev.   [95% conf. interval]
---------+--------------------------------------------------------------------
  invest |      200     145.958     15.3354     216.875     115.718     176.199
------------------------------------------------------------------------------
    mean = mean(invest)                                      t =    0.0625
H0: mean = 145              Degrees of freedom =          199

    Ha: mean < 145              Ha: mean != 145               Ha: mean > 145     
 Pr(T < t) = 0.5249         Pr(|T| > |t|) = 0.9502          Pr(T > t) = 0.4751
Two-sample t test with equal variances
------------------------------------------------------------------------------
   Group |     Obs        Mean    Std. err.   Std. dev.   [95% conf. interval]
---------+--------------------------------------------------------------------
       0 |      100     106.928     14.6222     146.222     77.9143     135.941
       1 |      100     184.989     26.4739     264.739     132.459     237.518
---------+--------------------------------------------------------------------
Combined |      200     145.958     15.3354     216.875     115.718     176.199
---------+--------------------------------------------------------------------
    diff |             -78.0607     30.2436                -137.702    -18.4198
------------------------------------------------------------------------------
    diff = mean(0) - mean(1)                                  t =   -2.5811
H0: diff = 0                     Degrees of freedom =          198

    Ha: diff < 0                 Ha: diff != 0                 Ha: diff > 0
 Pr(T < t) = 0.0053         Pr(|T| > |t|) = 0.0106          Pr(T > t) = 0.9947
Two-sample t test with unequal variances
------------------------------------------------------------------------------
   Group |     Obs        Mean    Std. err.   Std. dev.   [95% conf. interval]
---------+--------------------------------------------------------------------
       0 |      100     106.928     14.6222     146.222     77.9143     135.941
       1 |      100     184.989     26.4739     264.739     132.459     237.518
---------+--------------------------------------------------------------------
Combined |      200     145.958     15.3354     216.875     115.718     176.199
---------+--------------------------------------------------------------------
    diff |             -78.0607     30.2436                -137.806    -18.3157
------------------------------------------------------------------------------
    diff = mean(0) - mean(1)                                  t =   -2.5811
H0: diff = 0                     Degrees of freedom =        154.3

    Ha: diff < 0                 Ha: diff != 0                 Ha: diff > 0
 Pr(T < t) = 0.0054         Pr(|T| > |t|) = 0.0108          Pr(T > t) = 0.9946
Paired t test
------------------------------------------------------------------------------
Variable |     Obs        Mean    Std. err.   Std. dev.   [95% conf. interval]
---------+--------------------------------------------------------------------
  invest |      200     145.958     15.3354     216.875     115.718     176.199
 capital |      200     276.017     21.2913     301.104     234.032     318.003
---------+--------------------------------------------------------------------
    diff |      200    -130.059     15.9945     226.196    -161.599    -98.5185
------------------------------------------------------------------------------
    diff = mean(invest - capital)                             t =   -8.1315
H0: diff = 0                     Degrees of freedom =          199

    Ha: diff < 0                 Ha: diff != 0                 Ha: diff > 0
 Pr(T < t) = 0.0000         Pr(|T| > |t|) = 0.0000          Pr(T > t) = 1.0000
